[1] Importing modules...
    OK
[2] Loading config...

!!! FAILED at step: Environment variable 'DS_MODEL_NAME' is not set
uv : Traceback (most recent call last):
所在位置 行:1 字符: 1
+ uv run python test_lite_run.py *> test_output.txt
+ ~~~~~~~~~~~~~~~~~~~~~~~~~~~~~~~~~~~~~~~~~~~~~~~~~
    + CategoryInfo          : NotSpecified: (Traceback (most recent call last) 
   ::String) [], RemoteException
    + FullyQualifiedErrorId : NativeCommandError
 
  File "E:\ruc_research\2025\Proj_multimodal_report\codebase\RUC-NLPIR\FinSight
\test_lite_run.py", line 15, in main
    config = Config(config_file_path='my_config.yaml')
             ^^^^^^^^^^^^^^^^^^^^^^^^^^^^^^^^^^^^^^^^^
  File "E:\ruc_research\2025\Proj_multimodal_report\codebase\RUC-NLPIR\FinSight
\src\config\config.py", line 108, in __init__
    self.config = self._load_config(default_file_path)
                  ^^^^^^^^^^^^^^^^^^^^^^^^^^^^^^^^^^^^
  File "E:\ruc_research\2025\Proj_multimodal_report\codebase\RUC-NLPIR\FinSight
\src\config\config.py", line 184, in _load_config
    file_config = replace_env_vars(file_config)
                  ^^^^^^^^^^^^^^^^^^^^^^^^^^^^^
  File "E:\ruc_research\2025\Proj_multimodal_report\codebase\RUC-NLPIR\FinSight
\src\config\config.py", line 150, in replace_env_vars
    return {key: replace_env_vars(value) for key, value in obj.items()}
                 ^^^^^^^^^^^^^^^^^^^^^^^
  File "E:\ruc_research\2025\Proj_multimodal_report\codebase\RUC-NLPIR\FinSight
\src\config\config.py", line 152, in replace_env_vars
    return [replace_env_vars(item) for item in obj]
            ^^^^^^^^^^^^^^^^^^^^^^
  File "E:\ruc_research\2025\Proj_multimodal_report\codebase\RUC-NLPIR\FinSight
\src\config\config.py", line 150, in replace_env_vars
    return {key: replace_env_vars(value) for key, value in obj.items()}
                 ^^^^^^^^^^^^^^^^^^^^^^^
  File "E:\ruc_research\2025\Proj_multimodal_report\codebase\RUC-NLPIR\FinSight
\src\config\config.py", line 162, in replace_env_vars
    raise ValueError(f"Environment variable '{var_name}' is not set")
ValueError: Environment variable 'DS_MODEL_NAME' is not set
